------------------------------------------------------------
TimeQuest Timing Analyzer Summary
------------------------------------------------------------

Type  : Slow 1200mV 85C Model Setup 'CLK_50MHZ'
Slack : 8.258
TNS   : 0.000

Type  : Slow 1200mV 85C Model Setup 'altera_reserved_tck'
Slack : 46.498
TNS   : 0.000

Type  : Slow 1200mV 85C Model Hold 'CLK_50MHZ'
Slack : 0.352
TNS   : 0.000

Type  : Slow 1200mV 85C Model Hold 'altera_reserved_tck'
Slack : 0.410
TNS   : 0.000

Type  : Slow 1200mV 85C Model Recovery 'CLK_50MHZ'
Slack : 15.986
TNS   : 0.000

Type  : Slow 1200mV 85C Model Recovery 'altera_reserved_tck'
Slack : 47.511
TNS   : 0.000

Type  : Slow 1200mV 85C Model Removal 'CLK_50MHZ'
Slack : 1.025
TNS   : 0.000

Type  : Slow 1200mV 85C Model Removal 'altera_reserved_tck'
Slack : 1.259
TNS   : 0.000

Type  : Slow 1200mV 85C Model Minimum Pulse Width 'CLK_50MHZ'
Slack : 9.627
TNS   : 0.000

Type  : Slow 1200mV 85C Model Minimum Pulse Width 'altera_reserved_tck'
Slack : 49.629
TNS   : 0.000

Type  : Slow 1200mV 0C Model Setup 'CLK_50MHZ'
Slack : 9.293
TNS   : 0.000

Type  : Slow 1200mV 0C Model Setup 'altera_reserved_tck'
Slack : 46.861
TNS   : 0.000

Type  : Slow 1200mV 0C Model Hold 'CLK_50MHZ'
Slack : 0.351
TNS   : 0.000

Type  : Slow 1200mV 0C Model Hold 'altera_reserved_tck'
Slack : 0.361
TNS   : 0.000

Type  : Slow 1200mV 0C Model Recovery 'CLK_50MHZ'
Slack : 16.361
TNS   : 0.000

Type  : Slow 1200mV 0C Model Recovery 'altera_reserved_tck'
Slack : 47.786
TNS   : 0.000

Type  : Slow 1200mV 0C Model Removal 'CLK_50MHZ'
Slack : 0.932
TNS   : 0.000

Type  : Slow 1200mV 0C Model Removal 'altera_reserved_tck'
Slack : 1.160
TNS   : 0.000

Type  : Slow 1200mV 0C Model Minimum Pulse Width 'CLK_50MHZ'
Slack : 9.641
TNS   : 0.000

Type  : Slow 1200mV 0C Model Minimum Pulse Width 'altera_reserved_tck'
Slack : 49.570
TNS   : 0.000

Type  : Fast 1200mV 0C Model Setup 'CLK_50MHZ'
Slack : 14.164
TNS   : 0.000

Type  : Fast 1200mV 0C Model Setup 'altera_reserved_tck'
Slack : 48.482
TNS   : 0.000

Type  : Fast 1200mV 0C Model Hold 'CLK_50MHZ'
Slack : 0.148
TNS   : 0.000

Type  : Fast 1200mV 0C Model Hold 'altera_reserved_tck'
Slack : 0.184
TNS   : 0.000

Type  : Fast 1200mV 0C Model Recovery 'CLK_50MHZ'
Slack : 17.933
TNS   : 0.000

Type  : Fast 1200mV 0C Model Recovery 'altera_reserved_tck'
Slack : 48.925
TNS   : 0.000

Type  : Fast 1200mV 0C Model Removal 'CLK_50MHZ'
Slack : 0.487
TNS   : 0.000

Type  : Fast 1200mV 0C Model Removal 'altera_reserved_tck'
Slack : 0.587
TNS   : 0.000

Type  : Fast 1200mV 0C Model Minimum Pulse Width 'CLK_50MHZ'
Slack : 9.380
TNS   : 0.000

Type  : Fast 1200mV 0C Model Minimum Pulse Width 'altera_reserved_tck'
Slack : 49.480
TNS   : 0.000

------------------------------------------------------------
